[kittysniper.com/index.html]
[backblue.gif]
[fade.gif]
[index.html]
[kittysniper.com/wp-content/uploads/siteground-optimizer-assets/siteground-optimizer-combined-css-5ff041af941ba068f8c48424ae298e82.css]
[kittysniper.com/wp-includes/js/jquery/jquery.minf43b.js]
[kittysniper.com/feed/index.html]
[kittysniper.com/wp-includes/js/jquery/jquery-migrate.min5589.js]
[kittysniper.com/comments/feed/index.html]
[kittysniper.com/wp-json/wp/v2/pages/408.json]
[kittysniper.com/wp-json/index.html]
[kittysniper.com/wp-json/oembed/1.0/embed1404.json]
[kittysniper.com/wp-json/oembed/1.0/embed3785]
[kittysniper.com/wp-content/uploads/2024/05/cropped-Logo-no-BG-32x32.png]
[kittysniper.com/wp-content/uploads/2024/05/cropped-Logo-no-BG-192x192.png]
[kittysniper.com/wp-content/uploads/2024/05/cropped-Logo-no-BG-180x180.png]
[kittysniper.com/wp-content/uploads/2024/05/ks-LOGO-1024x310.png]
[kittysniper.com/wp-content/uploads/2024/04/Web-banner1-1024x459.png]
[kittysniper.com/wp-content/uploads/2024/05/Logo-no-BG.png]
[kittysniper.com/wp-content/uploads/2024/04/DEX-1.png]
[kittysniper.com/how-to-use-kitty-sniper-bot/index.html]
[kittysniper.com/staking-sol/index.html]
[kittysniper.com/dex/index.html]
[kittysniper.com/lst-innovations-how-liquid-staking-is-changing-the-solana-world/index.html]
[kittysniper.com/wp-content/uploads/2024/04/LOCK.png]
[kittysniper.com/solana-rpc-nodes/index.html]
[kittysniper.com/wp-content/uploads/2024/04/Solana.png]
[kittysniper.com/best-validators/index.html]
[kittysniper.com/wp-content/uploads/2024/04/jupiter.png]
[kittysniper.com/wp-content/uploads/2024/04/dexscreener.png]
[kittysniper.com/wp-content/uploads/2024/04/Solscan.png]
[kittysniper.com/best-trading-bot/index.html]
[kittysniper.com/wp-content/uploads/2024/04/bideye.png]
[kittysniper.com/wp-content/uploads/2024/05/Logo-no-BG-1024x1024.png]
[kittysniper.com/blog/index.html]
[kittysniper.com/crypto-wallet/index.html]
[www.livecoinwatch.com/static/lcw-widget.js]
[kittysniper.com/wp-content/plugins/sg-cachepress/assets/js/lazysizes.min2922.js]
[kittysniper.com/wp-content/themes/hello-elementor/assets/js/hello-frontend.min41fe.js]
[kittysniper.com/wp-content/plugins/elementor/assets/js/webpack.runtime.min8e60.js]
[kittysniper.com/wp-content/plugins/elementor/assets/js/frontend-modules.min8e60.js]
[kittysniper.com/wp-includes/js/jquery/ui/core.minb37e.js]
[kittysniper.com/wp-content/plugins/elementor/assets/js/frontend.min8e60.js]
[kittysniper.com/wp-content/plugins/elementor/assets/lib/jquery-numerator/jquery-numerator.min3958.js]
[kittysniper.com/wp-content/plugins/elementor-pro/assets/lib/smartmenus/jquery.smartmenus.min1576.js]
[kittysniper.com/wp-content/plugins/elementor-pro/assets/js/webpack-pro.runtime.min7329.js]
[kittysniper.com/wp-includes/js/dist/hooks.min4fdd.js]
[kittysniper.com/wp-includes/js/dist/i18n.minc33c.js]
[kittysniper.com/wp-content/plugins/elementor-pro/assets/js/frontend.min7329.js]
[kittysniper.com/index.html]
[kittysniper.com/wp-content/plugins/elementor-pro/assets/js/preloaded-elements-handlers.min7329.js]
[kittysniper.com/wp-content/uploads/elementor/google-fonts/fonts/roboto-kfo5cnqeu92fr1mu53zec9_vu3r1gihoszmkc3kawzu.woff2]
[kittysniper.com/wp-content/uploads/elementor/google-fonts/fonts/robotoslab-bngmuxzytxpivibgjjsb6ufa5qw54a.woff2]
[kittysniper.com/wp-content/uploads/elementor/google-fonts/fonts/sofiasans-yq6t-lcvxsly9upbwlatrorkntapcb8.woff2]
[kittysniper.com/wp-content/uploads/elementor/google-fonts/fonts/abel-mwq5bhbm2poe2v9bpq.woff2]
[kittysniper.com/wp-content/uploads/siteground-optimizer-assets/siteground-optimizer-combined-css-5ff041af941ba068f8c48424ae298e82.css]
[kittysniper.com/wp-content/uploads/siteground-optimizer-assets/siteground-optimizer-combined-css-a1e3d894e22ee98071cf8e809a20c917.css]
[kittysniper.com/wp-json/wp/v2/pages/607.json]
[kittysniper.com/wp-json/oembed/1.0/embedff1a.json]
[kittysniper.com/wp-json/oembed/1.0/embeda787]
[kittysniper.com/wp-content/uploads/2024/05/SOLANA22-1024x605.png]
[kittysniper.com/wp-content/uploads/2024/05/2-1024x605.png]
[kittysniper.com/wp-content/uploads/2024/05/3-1024x605.png]
[kittysniper.com/wp-content/uploads/2024/05/position-management-1024x605.png]
[kittysniper.com/wp-content/uploads/2024/05/Sell-position-1024x605.png]
[kittysniper.com/wp-content/uploads/2024/04/START.png]
[kittysniper.com/wp-content/uploads/2024/04/SETTINGS.png]
[kittysniper.com/wp-content/uploads/2024/04/CONTRACT-SEARCH.png]
[kittysniper.com/wp-content/uploads/2024/04/POSITION.png]
[kittysniper.com/how-to-use-kitty-sniper-bot/index.html]
[kittysniper.com/wp-content/uploads/siteground-optimizer-assets/siteground-optimizer-combined-css-a097a39a6323e79cffd5f3e3c05debf0.css]
[kittysniper.com/wp-json/wp/v2/pages/724.json]
[kittysniper.com/wp-json/oembed/1.0/embeda87d.json]
[kittysniper.com/wp-json/oembed/1.0/embed86a3]
[kittysniper.com/wp-content/uploads/2024/04/cropped-logo.png]
[kittysniper.com/wp-content/uploads/2024/11/rocket-coming-out-tablet-screen-neon-light-generative-ai-aig32-1024x683.jpg]
[kittysniper.com/wp-content/uploads/2024/11/solana-sol-cryptocurrency-solana-coin-growth-chart-exchange-chart-1024x633.jpg]
[kittysniper.com/wp-content/uploads/2024/11/blank-mobile-phone-screen-mockup-1024x683.jpg]
[kittysniper.com/wp-content/uploads/2024/11/analyzing-financial-data-using-tablet-with-interactive-graphs-1024x683.jpg]
[kittysniper.com/staking-sol/index.html]
[kittysniper.com/wp-content/uploads/siteground-optimizer-assets/siteground-optimizer-combined-css-8fbf6e44331eb563c8a92ef1c4ead3fe.css]
[kittysniper.com/wp-json/wp/v2/pages/785.json]
[kittysniper.com/wp-json/oembed/1.0/embed9df1.json]
[kittysniper.com/wp-json/oembed/1.0/embed2e98]
[kittysniper.com/wp-content/uploads/2024/11/6256878-1024x683.jpg]
[kittysniper.com/wp-content/uploads/2024/11/83499bca501730fda98f5c2f98021abd-1024x576.jpg]
[kittysniper.com/wp-content/uploads/2024/11/i.webp]
[kittysniper.com/wp-content/uploads/2024/11/orca-1024x576.jpg]
[kittysniper.com/dex/index.html]
[kittysniper.com/wp-content/uploads/siteground-optimizer-assets/siteground-optimizer-combined-css-0fedabdb983b1f7dab302af864c71e0c.css]
[kittysniper.com/wp-json/wp/v2/pages/768.json]
[kittysniper.com/wp-json/oembed/1.0/embedea22.json]
[kittysniper.com/wp-json/oembed/1.0/embed4267]
[kittysniper.com/wp-content/uploads/2024/11/Монтажная-область-59-1024x683.png]
[kittysniper.com/wp-content/uploads/2024/11/Монтажная-область-74-1024x683.png]
[kittysniper.com/wp-content/uploads/2024/11/724-1024x683.jpg]
[kittysniper.com/lst-innovations-how-liquid-staking-is-changing-the-solana-world/index.html]
[kittysniper.com/wp-includes/js/imagesloaded.minbb93.js]
[kittysniper.com/wp-content/uploads/siteground-optimizer-assets/siteground-optimizer-combined-css-1c307ef1218899b784b2cb1b5e84f3cc.css]
[kittysniper.com/wp-json/wp/v2/pages/800.json]
[kittysniper.com/wp-json/oembed/1.0/embed705d.json]
[kittysniper.com/wp-json/oembed/1.0/embedd7d0]
[kittysniper.com/wp-content/uploads/2024/11/Rpccc-1024x576.png]
[kittysniper.com/wp-content/uploads/2024/11/rpc-1024x576.png]
[kittysniper.com/wp-content/uploads/2024/11/r2.png]
[kittysniper.com/wp-content/uploads/2024/11/r3.png]
[kittysniper.com/wp-content/uploads/2024/11/r1.png]
[kittysniper.com/solana-rpc-nodes/index.html]
[kittysniper.com/wp-content/uploads/siteground-optimizer-assets/siteground-optimizer-combined-css-bfbe87228d09e8a021f1a3f321ce9f6e.css]
[kittysniper.com/wp-json/wp/v2/pages/829.json]
[kittysniper.com/wp-json/oembed/1.0/embed6e2b.json]
[kittysniper.com/wp-json/oembed/1.0/embed78d9]
[kittysniper.com/wp-content/uploads/2024/11/dfmnczx-1024x595.png]
[kittysniper.com/best-validators/index.html]
[kittysniper.com/wp-content/uploads/siteground-optimizer-assets/siteground-optimizer-combined-css-fe85937c86e12ae66e9095f68bdf90e6.css]
[kittysniper.com/wp-json/wp/v2/pages/835.json]
[kittysniper.com/wp-json/oembed/1.0/embeda624.json]
[kittysniper.com/wp-json/oembed/1.0/embed1367]
[kittysniper.com/wp-content/uploads/2024/11/3244324-1024x576.png]
[kittysniper.com/best-trading-bot/index.html]
[kittysniper.com/wp-content/uploads/siteground-optimizer-assets/siteground-optimizer-combined-css-62747bd8474efc8e97760671c2d87e71.css]
[kittysniper.com/wp-json/wp/v2/pages/1056.json]
[kittysniper.com/wp-json/oembed/1.0/embed8bdf.json]
[kittysniper.com/blog/index.html]
[kittysniper.com/wp-json/oembed/1.0/embed53eb]
[kittysniper.com/exploring-solana-staking-a-guide-to-passive-income-in-crypto/index.html]
[kittysniper.com/wp-content/uploads/siteground-optimizer-assets/siteground-optimizer-combined-css-f0d14b6d05e46fceb916b4bd9bda2d8b.css]
[kittysniper.com/unleashing-the-power-of-solana-trading-bots-revolutionizing-crypto-investments/index.html]
[kittysniper.com/wp-json/wp/v2/pages/842.json]
[kittysniper.com/wp-json/oembed/1.0/embede7d4.json]
[kittysniper.com/wp-json/oembed/1.0/embed4ad9]
[kittysniper.com/wp-content/uploads/2024/11/beg12-1024x1024.png]
[kittysniper.com/wp-content/uploads/2024/11/30e9f3b85f28428bb11673a8512a790c.webp]
[kittysniper.com/wp-content/uploads/2024/11/unnamed_15.png]
[kittysniper.com/wp-content/uploads/2024/11/maxresdefault-1024x576.jpg]
[kittysniper.com/crypto-wallet/index.html]
[kittysniper.com/wp-content/uploads/siteground-optimizer-assets/siteground-optimizer-combined-css-a1e3d894e22ee98071cf8e809a20c917.css]
[kittysniper.com/wp-content/uploads/siteground-optimizer-assets/siteground-optimizer-combined-css-a097a39a6323e79cffd5f3e3c05debf0.css]
[kittysniper.com/wp-content/uploads/siteground-optimizer-assets/siteground-optimizer-combined-css-8fbf6e44331eb563c8a92ef1c4ead3fe.css]
[kittysniper.com/wp-content/uploads/2024/11/marinade-logo-1644467217.png]
[kittysniper.com/wp-content/uploads/siteground-optimizer-assets/siteground-optimizer-combined-css-0fedabdb983b1f7dab302af864c71e0c.css]
[kittysniper.com/wp-content/uploads/siteground-optimizer-assets/siteground-optimizer-combined-css-1c307ef1218899b784b2cb1b5e84f3cc.css]
[kittysniper.com/wp-content/uploads/siteground-optimizer-assets/siteground-optimizer-combined-css-bfbe87228d09e8a021f1a3f321ce9f6e.css]
[kittysniper.com/wp-content/uploads/siteground-optimizer-assets/siteground-optimizer-combined-css-fe85937c86e12ae66e9095f68bdf90e6.css]
[kittysniper.com/wp-content/uploads/siteground-optimizer-assets/siteground-optimizer-combined-css-62747bd8474efc8e97760671c2d87e71.css]
[kittysniper.com/wp-content/uploads/siteground-optimizer-assets/siteground-optimizer-combined-css-afc7f27d55101482abe199b3de16f62c.css]
[kittysniper.com/wp-json/wp/v2/posts/1058.json]
[kittysniper.com/wp-json/oembed/1.0/embedc6e2.json]
[kittysniper.com/exploring-solana-staking-a-guide-to-passive-income-in-crypto/index.html]
[kittysniper.com/wp-json/oembed/1.0/embed981a]
[kittysniper.com/exploring-solana-staking-a-guide-to-passive-income-in-crypto/feed/index.html]
[kittysniper.com/unleashing-the-power-of-solana-trading-bots-revolutionizing-crypto-investments/feed/index.html]
[kittysniper.com/wp-json/wp/v2/posts/1048.json]
[kittysniper.com/wp-json/oembed/1.0/embed5e04.json]
[kittysniper.com/unleashing-the-power-of-solana-trading-bots-revolutionizing-crypto-investments/index.html]
[kittysniper.com/wp-content/uploads/siteground-optimizer-assets/siteground-optimizer-combined-css-f0d14b6d05e46fceb916b4bd9bda2d8b.css]
[kittysniper.com/xmlrpc0db0.php]
[kittysniper.com/wp-content/uploads/siteground-optimizer-assets/siteground-optimizer-combined-css-afc7f27d55101482abe199b3de16f62c.css]
[kittysniper.com/wp-json/oembed/1.0/embeddf22]
